$ next build
Ôû▓ Next.js 16.1.6 (Turbopack, Cache Components)
- Environments: .env.local, .env
- Experiments (use with caution):
  ┬À optimizePackageImports
  ┬À serverActions

  Creating an optimized production build ...

> Build error occurred
Error: Turbopack build failed with 1 errors:
./app/(customer)/brands/[slug]/page.tsx:10:14
Ecmascript file had an error
   8 | import { ProductCard } from "./components/ProductCard";
   9 |
> 10 | export const dynamic = 'force-dynamic';
     |              ^^^^^^^
  11 |
  12 | interface BrandPageProps {
  13 |   params: Promise<{

Route segment config "dynamic" is not compatible with `nextConfig.cacheComponents`. Please remove it.


    at <unknown> (./app/(customer)/brands/[slug]/page.tsx:10:14)
error: script "build" exited with code 1
